// Jest Snapshot v1, https://goo.gl/fbAQLP

exports[`PyScript Renders component properly 1`] = `
<div>
  <py-script
    data-testid="py-script"
  >
    print("Hello world!")
  </py-script>
</div>
`;

exports[`PyScript Renders component properly with output, src, pyEnvContent and generateOutputTag 1`] = `
<div>
  <py-env>
    - folium
  </py-env>
  <div
    id="folium"
  />
  <py-script
    output="folium"
    src="./test_data/folium_map.py"
  />
</div>
`;
